2026-07-20 01:57:31 | INFO     | __main__:load_raw_data:11 | Loading raw data from D:\ResearchMind-AI\data\raw\arxiv_papers.csv
2026-07-20 01:58:14 | INFO     | __main__:load_raw_data:11 | Loading raw data from D:\ResearchMind-AI\data\raw\arxiv_papers.csv
2026-07-20 01:58:14 | INFO     | __main__:load_raw_data:13 | Loaded 7701 rows with 26 columns
2026-07-20 01:58:14 | INFO     | __main__:inspect_data:18 | Running data inspection
2026-07-20 01:58:14 | INFO     | __main__:save_raw_snapshot:30 | Saved raw snapshot to D:\ResearchMind-AI\data\processed\raw_snapshot.pkl
2026-07-20 01:58:14 | INFO     | __main__:<module>:37 | Ingestion complete
2026-07-20 01:59:36 | INFO     | __main__:preprocess:69 | Preprocessing 7701 rows
2026-07-20 01:59:49 | INFO     | __main__:preprocess:80 | Preprocessed 7701 valid papers, skipped 0
2026-07-20 01:59:50 | INFO     | __main__:save_papers:88 | Saved 7701 papers to D:\ResearchMind-AI\data\processed\papers.pkl
2026-07-20 01:59:50 | INFO     | __main__:<module>:106 | Preprocessing complete
2026-07-21 12:57:54 | INFO     | __main__:<module>:11 | Starting embedding generation pipeline
2026-07-21 12:57:54 | INFO     | __main__:<module>:13 | Loading papers from D:\ResearchMind-AI\data\processed\papers.pkl
2026-07-21 12:57:54 | INFO     | __main__:<module>:16 | Loaded 7701 papers
2026-07-21 12:57:54 | INFO     | __main__:<module>:25 | No cache found — generating embeddings
2026-07-21 12:57:54 | INFO     | app.services.embeddings.embedding_generator:__init__:13 | Loading embedding model: all-MiniLM-L6-v2
2026-07-21 13:03:14 | INFO     | app.services.embeddings.embedding_generator:__init__:16 | Model loaded — embedding dim: 384
2026-07-21 13:03:14 | INFO     | app.services.embeddings.embedding_generator:embed_papers:39 | Embedding 7701 papers using title+abstract
2026-07-21 13:03:14 | INFO     | app.services.embeddings.embedding_generator:embed_texts:19 | Embedding 7701 texts
2026-07-21 13:06:27 | INFO     | __main__:<module>:29 | Generated embeddings shape: (7701, 384)
2026-07-21 13:06:27 | INFO     | app.services.embeddings.embedding_cache:save:31 | Cached 7701 embeddings to D:\ResearchMind-AI\data\embeddings\embeddings.npy
2026-07-21 13:06:27 | INFO     | __main__:<module>:35 | Embedding generation complete
2026-07-21 13:06:27 | INFO     | app.services.embeddings.embedding_cache:load:34 | Loading cached embeddings from D:\ResearchMind-AI\data\embeddings\embeddings.npy
2026-07-21 13:06:27 | INFO     | app.services.embeddings.embedding_cache:load:38 | Loaded embeddings shape: (7701, 384)
2026-07-21 13:09:56 | INFO     | __main__:<module>:12 | Starting vector index build pipeline
2026-07-21 13:09:56 | INFO     | __main__:<module>:14 | Loading papers from D:\ResearchMind-AI\data\processed\papers.pkl
2026-07-21 13:09:56 | INFO     | __main__:<module>:17 | Loaded 7701 papers
2026-07-21 13:09:56 | INFO     | app.services.embeddings.embedding_cache:load:34 | Loading cached embeddings from D:\ResearchMind-AI\data\embeddings\embeddings.npy
2026-07-21 13:09:56 | INFO     | app.services.embeddings.embedding_cache:load:38 | Loaded embeddings shape: (7701, 384)
2026-07-21 13:09:56 | INFO     | __main__:<module>:26 | Loaded embeddings shape: (7701, 384)
2026-07-21 13:09:56 | INFO     | __main__:<module>:27 | Embedding model: all-MiniLM-L6-v2
2026-07-21 13:09:56 | INFO     | app.vectorstore.faiss_store:build:20 | Building FAISS index for 7701 vectors of dim 384
2026-07-21 13:09:56 | INFO     | app.vectorstore.faiss_store:build:33 | Index built with 7701 vectors
2026-07-21 13:09:56 | INFO     | app.vectorstore.faiss_store:save:54 | Saved index to D:\ResearchMind-AI\data\processed\faiss_index.bin
2026-07-21 13:09:56 | INFO     | app.vectorstore.faiss_store:save:55 | Saved metadata to D:\ResearchMind-AI\data\processed\metadata.pkl
2026-07-21 13:09:56 | INFO     | __main__:<module>:39 | Vector index build complete
2026-07-24 03:27:59 | INFO     | app.main:lifespan:17 | Starting ResearchMind-AI
2026-07-24 03:27:59 | INFO     | app.vectorstore.index_manager:load_index:23 | Loading FAISS index into memory
2026-07-24 03:27:59 | INFO     | app.vectorstore.faiss_store:load:65 | Loaded index with 7701 vectors
2026-07-24 03:27:59 | INFO     | app.vectorstore.faiss_store:load:66 | Loaded 7701 papers from metadata
2026-07-24 03:27:59 | INFO     | app.vectorstore.index_manager:load_index:26 | Index ready — 7701 vectors loaded
2026-07-24 03:27:59 | INFO     | app.main:lifespan:19 | FAISS index loaded — server ready
2026-07-24 15:43:58 | INFO     | app.api.middleware.logging:dispatch:13 | → GET /docs
2026-07-24 15:43:58 | INFO     | app.api.middleware.logging:dispatch:18 | ← GET /docs | status=200 | 9.9ms
2026-07-24 15:43:59 | INFO     | app.api.middleware.logging:dispatch:13 | → GET /openapi.json
2026-07-24 15:43:59 | INFO     | app.api.middleware.logging:dispatch:18 | ← GET /openapi.json | status=200 | 36.9ms
2026-07-24 15:44:22 | INFO     | app.api.middleware.logging:dispatch:13 | → GET /api/v1/health
2026-07-24 15:44:22 | INFO     | app.api.middleware.logging:dispatch:18 | ← GET /api/v1/health | status=200 | 6.3ms
2026-07-24 15:44:24 | INFO     | app.api.middleware.logging:dispatch:13 | → GET /api/v1/health
2026-07-24 15:44:24 | INFO     | app.api.middleware.logging:dispatch:18 | ← GET /api/v1/health | status=200 | 3.6ms
2026-07-24 15:49:42 | INFO     | app.api.middleware.logging:dispatch:13 | → POST /api/v1/search
2026-07-24 15:49:42 | INFO     | app.services.retrieval.query_expansion:expand_query:36 | Expanded query: 'large language model fine tuning' → added 5 terms
2026-07-24 15:49:42 | INFO     | app.services.retrieval.semantic_search:search:13 | Semantic search: 'large language model fine tuning finetuning instruction tuni'
2026-07-24 15:49:42 | INFO     | app.services.embeddings.embedding_generator:__init__:13 | Loading embedding model: all-MiniLM-L6-v2
2026-07-24 15:49:47 | INFO     | app.services.embeddings.embedding_generator:__init__:16 | Model loaded — embedding dim: 384
2026-07-24 15:49:47 | INFO     | app.vectorstore.retriever:retrieve:43 | Retrieved 3 results for query 'large language model fine tuning finetuning instru' in 4608.3ms
2026-07-24 15:49:47 | INFO     | app.api.middleware.logging:dispatch:18 | ← POST /api/v1/search | status=200 | 4622.3ms
2026-07-24 15:54:30 | INFO     | app.api.middleware.logging:dispatch:13 | → POST /api/v1/search
2026-07-24 15:54:30 | INFO     | app.services.retrieval.query_expansion:expand_query:36 | Expanded query: 'large language model fine tuning' → added 5 terms
2026-07-24 15:54:30 | INFO     | app.services.retrieval.semantic_search:search:13 | Semantic search: 'large language model fine tuning finetuning instruction tuni'
2026-07-24 15:54:30 | INFO     | app.vectorstore.retriever:retrieve:43 | Retrieved 3 results for query 'large language model fine tuning finetuning instru' in 48.7ms
2026-07-24 15:54:30 | INFO     | app.api.middleware.logging:dispatch:18 | ← POST /api/v1/search | status=200 | 54.3ms
2026-07-24 16:55:05 | INFO     | app.main:lifespan:21 | ResearchMind-AI shutting down
